
Warning: This is a simple server for use in testing or debugging Angular applications
locally. It hasn't been reviewed for security issues.

Binding this server to an open connection can result in compromising your application or
computer. Using a different host than the one passed to the "--host" flag might result in
websocket connection issues. You might need to use "--disable-host-check" if that's the
case.
    
❯ Building...
✔ Building...
Initial chunk files | Names         |  Raw size
polyfills.js        | polyfills     |  90.23 kB | 
main.js             | main          |  17.86 kB | 
styles.css          | styles        | 365 bytes | 

                    | Initial total | 108.46 kB

Application bundle generation complete. [2.119 seconds]

Watch mode enabled. Watching for file changes...
NOTE: Raw file sizes do not reflect development server per-request transformations.
  ➜  Local:   http://localhost:3000/
  ➜  Network: http://10.0.12.187:3000/
  ➜  press h + enter to show help
Request for HTML file "/test.html" was received but no asset found. Asset may be missing from build.
